// Jest Snapshot v1, https://goo.gl/fbAQLP

exports[`Layout renders correctly 1`] = `
Array [
  <div
    className="ui menu"
  >
    <div>
      Home
    </div>
    <div>
      Peripherals
    </div>
    <div
      className="right item"
    >
      <div
        className="ui icon input"
      >
        <input
          placeholder="Search Gateway..."
          type="text"
        />
        <i
          className="search icon"
        />
      </div>
    </div>
  </div>,
  <div
    className="ui container"
    id="flex-container"
  >
    <p
      id="children"
    />
  </div>,
]
`;
