// Jest Snapshot v1, https://goo.gl/fbAQLP

exports[`Routes renders correctly 1`] = `
<div>
  <div
    className="ui menu"
  >
    <div>
      Home
    </div>
  </div>
  <div
    className="ui container"
    id="flex-container"
  >
    <div>
      <div />
      <div />
      <div />
      <div />
      <div />
      <div />
      <div />
    </div>
  </div>
</div>
`;
